# Base apps
audacity
bitwarden
btop
discord
gimp
kitty
qbittorrent
virtualbox
virtualbox-host-modules-arch
virtualbox-ext-oracle
wireshark-qt
firefox-appmenu-bin
joplin-appimage
solaar
normcap
notion-app
onlyoffice-bin
spotify
simplenote-electron-bin
telegram-desktop-bin
visual-studio-code-bin
lightly-qt
thunderbird-bin
pycharm-community-edition
intellij-idea-ultimate-edition
clion
kdrive-bin
etcher-bin
foliate

# KDE Apps
ark
dolphin
kalendar
kate
elisa
kcalc
kdeconnect
konsole
partitionmanager
okular
pinta
spectacle

# KDE Components
dolphin-plugins
kdeplasma-addons
kdegraphics-thumbnailers
nm-connection-editor
appmenu-gtk-module

# CLI Apps
neofetch
nmap
lsd
android-tools
powertop
traceroute
tree
autojump
rmtrash
wget
docker
docker-compose
texlive-bin
texlive-core
texlive-latexextra
texlive-science
p7zip
neovim
zsh-theme-powerlevel10k-bin-git

# Fonts
noto-fonts
noto-fonts-emoji
ttf-meslo-nerd-font-powerlevel10k
adobe-base-14-fonts
ttf-jetbrains-mono-nerd
ttf-clarity-city

# Required components
zsh
gcc
optimus-manager
optimus-manager-qt
gnupg
openssh
cmake
libinput-gestures
xdotool
xclip
wmctrl
