# Base apps
audacity
bitwarden
btop
discord
gimp
kitty
qbittorrent
virtualbox
virtualbox-host-modules-arch
virtualbox-ext-oracle
wireshark-qt
firefox-appmenu-bin
joplin-appimage
solaar # logitech device manager
normcap # ocr
notion-app
onlyoffice-bin
spotify
simplenote-electron-bin
telegram-desktop-bin
visual-studio-code-bin
lightly-qt # theme for KDE
thunderbird-bin
pycharm-community-edition
intellij-idea-ultimate-edition
clion
kdrive-bin
etcher-bin # flash SD card
foliate # Epub reader

# KDE Apps
ark
dolphin
kalendar
kate
elisa
kcalc
kdeconnect
konsole
partitionmanager
okular
pinta
spectacle

# KDE Components
dolphin-plugins
kdeplasma-addons
kdegraphics-thumbnailers
nm-connection-editor
appmenu-gtk-module

# CLI Apps
neofetch
nmap
lsd
android-tools
powertop
traceroute
tree
autojump
rmtrash
wget
docker
docker-compose

# Latex
texlive-bin
texlive-basic
texlive-latexextra
texlive-mathscience
texlive-binextra # to install latexmk
texlive-langfrench
texlive-langenglish

# Fonts
noto-fonts
noto-fonts-emoji
ttf-meslo-nerd-font-powerlevel10k
adobe-base-14-fonts
ttf-jetbrains-mono-nerd
ttf-clarity-city

# Neovim
neovim
npm # for neovim
ripgrep # for telescope.nvim

# Zsh
zsh
zsh-theme-powerlevel10k-bin-git
stderred-git # errors output in red
# zsh-completions
# zsh-autosuggestions
# zsh-syntax-highlighting
# zsh-history-substring-search
# Required components
gcc

optimus-manager
optimus-manager-qt
gnupg
openssh
cmake
libinput-gestures
xdotool
xclip
wmctrl
xdg-desktop-portal
p7zip
termscp-bin

