# Base apps
audacity
bitwarden
discord
gimp
# qbittorrent
transmission-qt
virtualbox # virtualbox-bin is not up2date
virtualbox-ext-oracle
virtualbox-guest-iso
wireshark-qt
firefox
joplin-appimage
solaar  # logitech device manager
normcap # ocr
notion-app-electron
anytype
onlyoffice-bin
spotify
simplenote-electron-bin
telegram-desktop
visual-studio-code-bin
# lightly-git
lightly-plasma6-qt
thunderbird
anydesk # teamviewer alternative
chromium
# pycharm-community-edition
# intellij-idea-ultimate-edition
# clion
kdrive-bin
etcher-bin # flash SD card and usb iso
foliate # Epub reader
peek    # Screen recorder
wezterm # Terminal emulator
minecraft-launcher
morgen-bin   # calendar
qdirstat-bin # win dir stat

# KDE Apps
ark
dolphin
# kalendar
kate
elisa
kcalc
kdeconnect
# konsole
partitionmanager
okular
pinta
spectacle

# KDE Components
dolphin-plugins
kdeplasma-addons
kdegraphics-thumbnailers # pdf thumbnails
ffmpegthumbs             # video thumbnails
nm-connection-editor
appmenu-gtk-module
kio-admin # open folder as admin

# CLI Apps
neofetch
nmap
lsd
android-tools
powertop
traceroute
tree
zoxide # cd++
rmtrash # rm++
wget
docker
docker-compose
btop
firewalld

# Latex
texlive-bin
texlive-basic
texlive-latexextra
texlive-mathscience
texlive-binextra # to install latexmk
texlive-langfrench
texlive-langenglish

# Fonts
noto-fonts
noto-fonts-emoji
ttf-meslo-nerd-font-powerlevel10k
ttf-jetbrains-mono-nerd
ttf-clarity-city
gnu-free-fonts

# Neovim
neovim
npm     # for neovim
ripgrep # for telescope.nvim

# Zsh
zsh
zsh-theme-powerlevel10k-bin-git
zsh-completions
zsh-autosuggestions
zsh-syntax-highlighting
zsh-history-substring-search

# System components
gcc
clang
optimus-manager
optimus-manager-qt
gnupg
openssh
cmake
libinput-gestures
#xdotool
wtype # xdotool type for wayland
#xclip # to handle shared clipboard in NVIM
wl-clipboard # handle wayland clipboard in NVIM
wmctrl
xdg-desktop-portal
p7zip
termscp-bin
ddcutil # to change external display brightness
pipx # to install python global packages
paccache-hook # hook to clear cache of old pacman packages after install
